Archive member included to satisfy reference by file (symbol)

c:/st/stm32cubeide_1.3.0/stm32cubeide/plugins/com.st.stm32cube.ide.mcu.externaltools.gnu-tools-for-stm32.7-2018-q2-update.win32_1.0.0.201904181610/tools/bin/../lib/gcc/arm-none-eabi/7.3.1/../../../../arm-none-eabi/lib/thumb/v7-m\libc_nano.a(lib_a-errno.o)
                              Core/Src/syscalls.o (__errno)
c:/st/stm32cubeide_1.3.0/stm32cubeide/plugins/com.st.stm32cube.ide.mcu.externaltools.gnu-tools-for-stm32.7-2018-q2-update.win32_1.0.0.201904181610/tools/bin/../lib/gcc/arm-none-eabi/7.3.1/../../../../arm-none-eabi/lib/thumb/v7-m\libc_nano.a(lib_a-exit.o)
                              c:/st/stm32cubeide_1.3.0/stm32cubeide/plugins/com.st.stm32cube.ide.mcu.externaltools.gnu-tools-for-stm32.7-2018-q2-update.win32_1.0.0.201904181610/tools/bin/../lib/gcc/arm-none-eabi/7.3.1/../../../../arm-none-eabi/lib/thumb/v7-m/crt0.o (exit)
c:/st/stm32cubeide_1.3.0/stm32cubeide/plugins/com.st.stm32cube.ide.mcu.externaltools.gnu-tools-for-stm32.7-2018-q2-update.win32_1.0.0.201904181610/tools/bin/../lib/gcc/arm-none-eabi/7.3.1/../../../../arm-none-eabi/lib/thumb/v7-m\libc_nano.a(lib_a-impure.o)
                              c:/st/stm32cubeide_1.3.0/stm32cubeide/plugins/com.st.stm32cube.ide.mcu.externaltools.gnu-tools-for-stm32.7-2018-q2-update.win32_1.0.0.201904181610/tools/bin/../lib/gcc/arm-none-eabi/7.3.1/../../../../arm-none-eabi/lib/thumb/v7-m\libc_nano.a(lib_a-exit.o) (_global_impure_ptr)
c:/st/stm32cubeide_1.3.0/stm32cubeide/plugins/com.st.stm32cube.ide.mcu.externaltools.gnu-tools-for-stm32.7-2018-q2-update.win32_1.0.0.201904181610/tools/bin/../lib/gcc/arm-none-eabi/7.3.1/../../../../arm-none-eabi/lib/thumb/v7-m\libc_nano.a(lib_a-init.o)
                              c:/st/stm32cubeide_1.3.0/stm32cubeide/plugins/com.st.stm32cube.ide.mcu.externaltools.gnu-tools-for-stm32.7-2018-q2-update.win32_1.0.0.201904181610/tools/bin/../lib/gcc/arm-none-eabi/7.3.1/../../../../arm-none-eabi/lib/thumb/v7-m/crt0.o (__libc_init_array)
c:/st/stm32cubeide_1.3.0/stm32cubeide/plugins/com.st.stm32cube.ide.mcu.externaltools.gnu-tools-for-stm32.7-2018-q2-update.win32_1.0.0.201904181610/tools/bin/../lib/gcc/arm-none-eabi/7.3.1/../../../../arm-none-eabi/lib/thumb/v7-m\libc_nano.a(lib_a-memset.o)
                              c:/st/stm32cubeide_1.3.0/stm32cubeide/plugins/com.st.stm32cube.ide.mcu.externaltools.gnu-tools-for-stm32.7-2018-q2-update.win32_1.0.0.201904181610/tools/bin/../lib/gcc/arm-none-eabi/7.3.1/../../../../arm-none-eabi/lib/thumb/v7-m/crt0.o (memset)

Allocating common symbols
Common symbol       size              file

hi2c1               0x54              Core/Src/main.o
hi2c2               0x54              Core/Src/main.o
uwTick              0x4               Drivers/STM32F1xx_HAL_Driver/Src/stm32f1xx_hal.o
pFlash              0x20              Drivers/STM32F1xx_HAL_Driver/Src/stm32f1xx_hal_flash.o
hadc1               0x30              Core/Src/main.o
hrtc                0x14              Core/Src/main.o
htim1               0x40              Core/Src/PWM_signal.o
htim2               0x40              Core/Src/PWM_signal.o

Discarded input sections

 .text          0x0000000000000000        0x0 c:/st/stm32cubeide_1.3.0/stm32cubeide/plugins/com.st.stm32cube.ide.mcu.externaltools.gnu-tools-for-stm32.7-2018-q2-update.win32_1.0.0.201904181610/tools/bin/../lib/gcc/arm-none-eabi/7.3.1/thumb/v7-m/crti.o
 .data          0x0000000000000000        0x0 c:/st/stm32cubeide_1.3.0/stm32cubeide/plugins/com.st.stm32cube.ide.mcu.externaltools.gnu-tools-for-stm32.7-2018-q2-update.win32_1.0.0.201904181610/tools/bin/../lib/gcc/arm-none-eabi/7.3.1/thumb/v7-m/crti.o
 .bss           0x0000000000000000        0x0 c:/st/stm32cubeide_1.3.0/stm32cubeide/plugins/com.st.stm32cube.ide.mcu.externaltools.gnu-tools-for-stm32.7-2018-q2-update.win32_1.0.0.201904181610/tools/bin/../lib/gcc/arm-none-eabi/7.3.1/thumb/v7-m/crti.o
 .data          0x0000000000000000        0x4 c:/st/stm32cubeide_1.3.0/stm32cubeide/plugins/com.st.stm32cube.ide.mcu.externaltools.gnu-tools-for-stm32.7-2018-q2-update.win32_1.0.0.201904181610/tools/bin/../lib/gcc/arm-none-eabi/7.3.1/thumb/v7-m/crtbegin.o
 .text          0x0000000000000000       0x74 c:/st/stm32cubeide_1.3.0/stm32cubeide/plugins/com.st.stm32cube.ide.mcu.externaltools.gnu-tools-for-stm32.7-2018-q2-update.win32_1.0.0.201904181610/tools/bin/../lib/gcc/arm-none-eabi/7.3.1/../../../../arm-none-eabi/lib/thumb/v7-m/crt0.o
 .data          0x0000000000000000        0x0 c:/st/stm32cubeide_1.3.0/stm32cubeide/plugins/com.st.stm32cube.ide.mcu.externaltools.gnu-tools-for-stm32.7-2018-q2-update.win32_1.0.0.201904181610/tools/bin/../lib/gcc/arm-none-eabi/7.3.1/../../../../arm-none-eabi/lib/thumb/v7-m/crt0.o
[...]
Memory Configuration

Name             Origin             Length             Attributes
RAM              0x0000000020000000 0x0000000000005000 xrw
FLASH            0x0000000008000000 0x0000000000010000 xr
*default*        0x0000000000000000 0xffffffffffffffff

Linker script and memory map

LOAD c:/st/stm32cubeide_1.3.0/stm32cubeide/plugins/com.st.stm32cube.ide.mcu.externaltools.gnu-tools-for-stm32.7-2018-q2-update.win32_1.0.0.201904181610/tools/bin/../lib/gcc/arm-none-eabi/7.3.1/thumb/v7-m/crti.o
LOAD c:/st/stm32cubeide_1.3.0/stm32cubeide/plugins/com.st.stm32cube.ide.mcu.externaltools.gnu-tools-for-stm32.7-2018-q2-update.win32_1.0.0.201904181610/tools/bin/../lib/gcc/arm-none-eabi/7.3.1/thumb/v7-m/crtbegin.o
LOAD c:/st/stm32cubeide_1.3.0/stm32cubeide/plugins/com.st.stm32cube.ide.mcu.externaltools.gnu-tools-for-stm32.7-2018-q2-update.win32_1.0.0.201904181610/tools/bin/../lib/gcc/arm-none-eabi/7.3.1/../../../../arm-none-eabi/lib/thumb/v7-m/crt0.o
LOAD Core/Src/Math.o
LOAD Core/Src/PWM_signal.o
LOAD Core/Src/application.o
LOAD Core/Src/main.o
LOAD Core/Src/stm32f1xx_hal_msp.o
LOAD Core/Src/stm32f1xx_it.o
LOAD Core/Src/syscalls.o
LOAD Core/Src/sysmem.o
LOAD Core/Src/system_stm32f1xx.o
LOAD Core/Startup/startup_stm32f103c8tx.o
LOAD Drivers/STM32F1xx_HAL_Driver/Src/stm32f1xx_hal.o
LOAD Drivers/STM32F1xx_HAL_Driver/Src/stm32f1xx_hal_adc.o
LOAD Drivers/STM32F1xx_HAL_Driver/Src/stm32f1xx_hal_adc_ex.o
LOAD Drivers/STM32F1xx_HAL_Driver/Src/stm32f1xx_hal_cortex.o
LOAD Drivers/STM32F1xx_HAL_Driver/Src/stm32f1xx_hal_dma.o
LOAD Drivers/STM32F1xx_HAL_Driver/Src/stm32f1xx_hal_exti.o
LOAD Drivers/STM32F1xx_HAL_Driver/Src/stm32f1xx_hal_flash.o
LOAD Drivers/STM32F1xx_HAL_Driver/Src/stm32f1xx_hal_flash_ex.o
LOAD Drivers/STM32F1xx_HAL_Driver/Src/stm32f1xx_hal_gpio.o
LOAD Drivers/STM32F1xx_HAL_Driver/Src/stm32f1xx_hal_gpio_ex.o
LOAD Drivers/STM32F1xx_HAL_Driver/Src/stm32f1xx_hal_i2c.o
LOAD Drivers/STM32F1xx_HAL_Driver/Src/stm32f1xx_hal_pwr.o
LOAD Drivers/STM32F1xx_HAL_Driver/Src/stm32f1xx_hal_rcc.o
LOAD Drivers/STM32F1xx_HAL_Driver/Src/stm32f1xx_hal_rcc_ex.o
LOAD Drivers/STM32F1xx_HAL_Driver/Src/stm32f1xx_hal_rtc.o
LOAD Drivers/STM32F1xx_HAL_Driver/Src/stm32f1xx_hal_rtc_ex.o
LOAD Drivers/STM32F1xx_HAL_Driver/Src/stm32f1xx_hal_tim.o
LOAD Drivers/STM32F1xx_HAL_Driver/Src/stm32f1xx_hal_tim_ex.o
START GROUP
LOAD c:/st/stm32cubeide_1.3.0/stm32cubeide/plugins/com.st.stm32cube.ide.mcu.externaltools.gnu-tools-for-stm32.7-2018-q2-update.win32_1.0.0.201904181610/tools/bin/../lib/gcc/arm-none-eabi/7.3.1/../../../../arm-none-eabi/lib/thumb/v7-m\libc_nano.a
LOAD c:/st/stm32cubeide_1.3.0/stm32cubeide/plugins/com.st.stm32cube.ide.mcu.externaltools.gnu-tools-for-stm32.7-2018-q2-update.win32_1.0.0.201904181610/tools/bin/../lib/gcc/arm-none-eabi/7.3.1/../../../../arm-none-eabi/lib/thumb/v7-m\libm.a
END GROUP
START GROUP
LOAD c:/st/stm32cubeide_1.3.0/stm32cubeide/plugins/com.st.stm32cube.ide.mcu.externaltools.gnu-tools-for-stm32.7-2018-q2-update.win32_1.0.0.201904181610/tools/bin/../lib/gcc/arm-none-eabi/7.3.1/thumb/v7-m\libgcc.a
LOAD c:/st/stm32cubeide_1.3.0/stm32cubeide/plugins/com.st.stm32cube.ide.mcu.externaltools.gnu-tools-for-stm32.7-2018-q2-update.win32_1.0.0.201904181610/tools/bin/../lib/gcc/arm-none-eabi/7.3.1/../../../../arm-none-eabi/lib/thumb/v7-m\libc_nano.a
END GROUP
START GROUP
LOAD c:/st/stm32cubeide_1.3.0/stm32cubeide/plugins/com.st.stm32cube.ide.mcu.externaltools.gnu-tools-for-stm32.7-2018-q2-update.win32_1.0.0.201904181610/tools/bin/../lib/gcc/arm-none-eabi/7.3.1/thumb/v7-m\libgcc.a
LOAD c:/st/stm32cubeide_1.3.0/stm32cubeide/plugins/com.st.stm32cube.ide.mcu.externaltools.gnu-tools-for-stm32.7-2018-q2-update.win32_1.0.0.201904181610/tools/bin/../lib/gcc/arm-none-eabi/7.3.1/../../../../arm-none-eabi/lib/thumb/v7-m\libc_nano.a
LOAD c:/st/stm32cubeide_1.3.0/stm32cubeide/plugins/com.st.stm32cube.ide.mcu.externaltools.gnu-tools-for-stm32.7-2018-q2-update.win32_1.0.0.201904181610/tools/bin/../lib/gcc/arm-none-eabi/7.3.1/../../../../arm-none-eabi/lib/thumb/v7-m\libnosys.a
END GROUP
START GROUP
LOAD c:/st/stm32cubeide_1.3.0/stm32cubeide/plugins/com.st.stm32cube.ide.mcu.externaltools.gnu-tools-for-stm32.7-2018-q2-update.win32_1.0.0.201904181610/tools/bin/../lib/gcc/arm-none-eabi/7.3.1/thumb/v7-m\libgcc.a
LOAD c:/st/stm32cubeide_1.3.0/stm32cubeide/plugins/com.st.stm32cube.ide.mcu.externaltools.gnu-tools-for-stm32.7-2018-q2-update.win32_1.0.0.201904181610/tools/bin/../lib/gcc/arm-none-eabi/7.3.1/../../../../arm-none-eabi/lib/thumb/v7-m\libc_nano.a
LOAD c:/st/stm32cubeide_1.3.0/stm32cubeide/plugins/com.st.stm32cube.ide.mcu.externaltools.gnu-tools-for-stm32.7-2018-q2-update.win32_1.0.0.201904181610/tools/bin/../lib/gcc/arm-none-eabi/7.3.1/../../../../arm-none-eabi/lib/thumb/v7-m\libnosys.a
END GROUP
LOAD c:/st/stm32cubeide_1.3.0/stm32cubeide/plugins/com.st.stm32cube.ide.mcu.externaltools.gnu-tools-for-stm32.7-2018-q2-update.win32_1.0.0.201904181610/tools/bin/../lib/gcc/arm-none-eabi/7.3.1/thumb/v7-m/crtend.o
LOAD c:/st/stm32cubeide_1.3.0/stm32cubeide/plugins/com.st.stm32cube.ide.mcu.externaltools.gnu-tools-for-stm32.7-2018-q2-update.win32_1.0.0.201904181610/tools/bin/../lib/gcc/arm-none-eabi/7.3.1/thumb/v7-m/crtn.o
                0x0000000020005000                _estack = (ORIGIN (RAM) + LENGTH (RAM))
                0x0000000000000200                _Min_Heap_Size = 0x200
                0x0000000000000400                _Min_Stack_Size = 0x400

.isr_vector     0x0000000008000000      0x10c
                0x0000000008000000                . = ALIGN (0x4)
 *(.isr_vector)
 .isr_vector    0x0000000008000000      0x10c Core/Startup/startup_stm32f103c8tx.o
                0x0000000008000000                g_pfnVectors
                0x000000000800010c                . = ALIGN (0x4)

.text           0x000000000800010c     0x30bc
                0x000000000800010c                . = ALIGN (0x4)
 *(.text)
 .text          0x000000000800010c       0x40 c:/st/stm32cubeide_1.3.0/stm32cubeide/plugins/com.st.stm32cube.ide.mcu.externaltools.gnu-tools-for-stm32.7-2018-q2-update.win32_1.0.0.201904181610/tools/bin/../lib/gcc/arm-none-eabi/7.3.1/thumb/v7-m/crtbegin.o
 *(.text*)
 .text.map      0x000000000800014c       0x36 Core/Src/Math.o
                0x000000000800014c                map
 *fill*         0x0000000008000182        0x2 
 .text.PWM_Init
                0x0000000008000184       0x40 Core/Src/PWM_signal.o
                0x0000000008000184                PWM_Init
 .text.PWM_Set  0x00000000080001c4       0x94 Core/Src/PWM_signal.o
                0x00000000080001c4                PWM_Set
 .text.Application
                0x0000000008000258       0x64 Core/Src/application.o
                0x0000000008000258                Application
 .text.main     0x00000000080002bc       0x32 Core/Src/main.o
                0x00000000080002bc                main
 .text.SystemClock_Config
                0x00000000080002ee       0xc4 Core/Src/main.o
                0x00000000080002ee                SystemClock_Config
 *fill*         0x00000000080003b2        0x2 
 .text.MX_ADC1_Init
                0x00000000080003b4       0x7c Core/Src/main.o
 .text.MX_I2C1_Init
                0x0000000008000430       0x5c Core/Src/main.o
 .text.MX_I2C2_Init
                0x000000000800048c       0x5c Core/Src/main.o
 .text.MX_RTC_Init
                0x00000000080004e8       0x38 Core/Src/main.o
 .text.MX_TIM1_Init
                0x0000000008000520      0x188 Core/Src/main.o
 .text.MX_TIM2_Init
                0x00000000080006a8       0xc4 Core/Src/main.o
 .text.MX_GPIO_Init
                0x000000000800076c      0x114 Core/Src/main.o
 .text.Error_Handler
                0x0000000008000880        0xc Core/Src/main.o
                0x0000000008000880                Error_Handler
 .text.HAL_MspInit
                0x000000000800088c       0x64 Core/Src/stm32f1xx_hal_msp.o
                0x000000000800088c                HAL_MspInit
 .text.HAL_ADC_MspInit
                0x00000000080008f0       0xa8 Core/Src/stm32f1xx_hal_msp.o
                0x00000000080008f0                HAL_ADC_MspInit
 .text.HAL_I2C_MspInit
                0x0000000008000998       0xd8 Core/Src/stm32f1xx_hal_msp.o
                0x0000000008000998                HAL_I2C_MspInit
 .text.HAL_RTC_MspInit
                0x0000000008000a70       0x48 Core/Src/stm32f1xx_hal_msp.o
                0x0000000008000a70                HAL_RTC_MspInit
 .text.HAL_TIM_Base_MspInit
                0x0000000008000ab8       0x3c Core/Src/stm32f1xx_hal_msp.o
                0x0000000008000ab8                HAL_TIM_Base_MspInit
 .text.HAL_TIM_PWM_MspInit
                0x0000000008000af4       0x38 Core/Src/stm32f1xx_hal_msp.o
                0x0000000008000af4                HAL_TIM_PWM_MspInit
 .text.HAL_TIM_MspPostInit
                0x0000000008000b2c      0x100 Core/Src/stm32f1xx_hal_msp.o
                0x0000000008000b2c                HAL_TIM_MspPostInit
 .text.NMI_Handler
                0x0000000008000c2c        0xc Core/Src/stm32f1xx_it.o
                0x0000000008000c2c                NMI_Handler
 .text.HardFault_Handler
                0x0000000008000c38        0x6 Core/Src/stm32f1xx_it.o
                0x0000000008000c38                HardFault_Handler
 .text.MemManage_Handler
                0x0000000008000c3e        0x6 Core/Src/stm32f1xx_it.o
                0x0000000008000c3e                MemManage_Handler
 .text.BusFault_Handler
                0x0000000008000c44        0x6 Core/Src/stm32f1xx_it.o
                0x0000000008000c44                BusFault_Handler
 .text.UsageFault_Handler
                0x0000000008000c4a        0x6 Core/Src/stm32f1xx_it.o
                0x0000000008000c4a                UsageFault_Handler
 .text.SVC_Handler
                0x0000000008000c50        0xc Core/Src/stm32f1xx_it.o
                0x0000000008000c50                SVC_Handler
 .text.DebugMon_Handler
                0x0000000008000c5c        0xc Core/Src/stm32f1xx_it.o
                0x0000000008000c5c                DebugMon_Handler
 .text.PendSV_Handler
                0x0000000008000c68        0xc Core/Src/stm32f1xx_it.o
                0x0000000008000c68                PendSV_Handler
 .text.SysTick_Handler
                0x0000000008000c74        0xc Core/Src/stm32f1xx_it.o
                0x0000000008000c74                SysTick_Handler
 .text.SystemInit
                0x0000000008000c80       0x68 Core/Src/system_stm32f1xx.o
                0x0000000008000c80                SystemInit
 .text.Reset_Handler
                0x0000000008000ce8       0x48 Core/Startup/startup_stm32f103c8tx.o
                0x0000000008000ce8                Reset_Handler
 .text.Default_Handler
                0x0000000008000d30        0x2 Core/Startup/startup_stm32f103c8tx.o
                0x0000000008000d30                RTC_Alarm_IRQHandler
                0x0000000008000d30                EXTI2_IRQHandler
                0x0000000008000d30                TIM1_CC_IRQHandler
                0x0000000008000d30                PVD_IRQHandler
                0x0000000008000d30                EXTI3_IRQHandler
                0x0000000008000d30                EXTI0_IRQHandler
                0x0000000008000d30                I2C2_EV_IRQHandler
                0x0000000008000d30                ADC1_2_IRQHandler
                0x0000000008000d30                SPI1_IRQHandler
                0x0000000008000d30                TAMPER_IRQHandler
                0x0000000008000d30                DMA1_Channel4_IRQHandler
                0x0000000008000d30                USART3_IRQHandler
                0x0000000008000d30                RTC_IRQHandler
                0x0000000008000d30                DMA1_Channel7_IRQHandler
                0x0000000008000d30                CAN1_RX1_IRQHandler
                0x0000000008000d30                TIM4_IRQHandler
                0x0000000008000d30                I2C1_EV_IRQHandler
                0x0000000008000d30                DMA1_Channel6_IRQHandler
                0x0000000008000d30                TIM3_IRQHandler
                0x0000000008000d30                RCC_IRQHandler
                0x0000000008000d30                TIM1_TRG_COM_IRQHandler
                0x0000000008000d30                DMA1_Channel1_IRQHandler
                0x0000000008000d30                Default_Handler
                0x0000000008000d30                EXTI15_10_IRQHandler
                0x0000000008000d30                EXTI9_5_IRQHandler
                0x0000000008000d30                SPI2_IRQHandler
                0x0000000008000d30                DMA1_Channel5_IRQHandler
                0x0000000008000d30                EXTI4_IRQHandler
                0x0000000008000d30                USB_LP_CAN1_RX0_IRQHandler
                0x0000000008000d30                USB_HP_CAN1_TX_IRQHandler
                0x0000000008000d30                DMA1_Channel3_IRQHandler
                0x0000000008000d30                TIM1_UP_IRQHandler
                0x0000000008000d30                WWDG_IRQHandler
                0x0000000008000d30                TIM2_IRQHandler
                0x0000000008000d30                TIM1_BRK_IRQHandler
                0x0000000008000d30                EXTI1_IRQHandler
                0x0000000008000d30                USART2_IRQHandler
                0x0000000008000d30                I2C2_ER_IRQHandler
                0x0000000008000d30                DMA1_Channel2_IRQHandler
                0x0000000008000d30                CAN1_SCE_IRQHandler
                0x0000000008000d30                FLASH_IRQHandler
                0x0000000008000d30                USART1_IRQHandler
                0x0000000008000d30                I2C1_ER_IRQHandler
                0x0000000008000d30                USBWakeUp_IRQHandler
 *fill*         0x0000000008000d32        0x2 
 .text.HAL_Init
                0x0000000008000d34       0x2c Drivers/STM32F1xx_HAL_Driver/Src/stm32f1xx_hal.o
                0x0000000008000d34                HAL_Init
 .text.HAL_InitTick
                0x0000000008000d60       0x60 Drivers/STM32F1xx_HAL_Driver/Src/stm32f1xx_hal.o
                0x0000000008000d60                HAL_InitTick
 .text.HAL_IncTick
                0x0000000008000dc0       0x24 Drivers/STM32F1xx_HAL_Driver/Src/stm32f1xx_hal.o
                0x0000000008000dc0                HAL_IncTick
 .text.HAL_GetTick
                0x0000000008000de4       0x14 Drivers/STM32F1xx_HAL_Driver/Src/stm32f1xx_hal.o
                0x0000000008000de4                HAL_GetTick
 .text.HAL_Delay
                0x0000000008000df8       0x44 Drivers/STM32F1xx_HAL_Driver/Src/stm32f1xx_hal.o
                0x0000000008000df8                HAL_Delay
 .text.HAL_ADC_Init
                0x0000000008000e3c      0x1b0 Drivers/STM32F1xx_HAL_Driver/Src/stm32f1xx_hal_adc.o
                0x0000000008000e3c                HAL_ADC_Init
 .text.HAL_ADC_ConfigChannel
                0x0000000008000fec      0x1f0 Drivers/STM32F1xx_HAL_Driver/Src/stm32f1xx_hal_adc.o
                0x0000000008000fec                HAL_ADC_ConfigChannel
 .text.ADC_ConversionStop_Disable
                0x00000000080011dc       0x74 Drivers/STM32F1xx_HAL_Driver/Src/stm32f1xx_hal_adc.o
                0x00000000080011dc                ADC_ConversionStop_Disable
 .text.__NVIC_SetPriorityGrouping
                0x0000000008001250       0x48 Drivers/STM32F1xx_HAL_Driver/Src/stm32f1xx_hal_cortex.o
 .text.__NVIC_GetPriorityGrouping
                0x0000000008001298       0x1c Drivers/STM32F1xx_HAL_Driver/Src/stm32f1xx_hal_cortex.o
 .text.__NVIC_SetPriority
                0x00000000080012b4       0x54 Drivers/STM32F1xx_HAL_Driver/Src/stm32f1xx_hal_cortex.o
 .text.NVIC_EncodePriority
                0x0000000008001308       0x64 Drivers/STM32F1xx_HAL_Driver/Src/stm32f1xx_hal_cortex.o
 .text.SysTick_Config
                0x000000000800136c       0x44 Drivers/STM32F1xx_HAL_Driver/Src/stm32f1xx_hal_cortex.o
 .text.HAL_NVIC_SetPriorityGrouping
                0x00000000080013b0       0x16 Drivers/STM32F1xx_HAL_Driver/Src/stm32f1xx_hal_cortex.o
                0x00000000080013b0                HAL_NVIC_SetPriorityGrouping
 .text.HAL_NVIC_SetPriority
                0x00000000080013c6       0x38 Drivers/STM32F1xx_HAL_Driver/Src/stm32f1xx_hal_cortex.o
                0x00000000080013c6                HAL_NVIC_SetPriority
 .text.HAL_SYSTICK_Config
                0x00000000080013fe       0x18 Drivers/STM32F1xx_HAL_Driver/Src/stm32f1xx_hal_cortex.o
                0x00000000080013fe                HAL_SYSTICK_Config
 *fill*         0x0000000008001416        0x2 
 .text.HAL_GPIO_Init
                0x0000000008001418      0x2b4 Drivers/STM32F1xx_HAL_Driver/Src/stm32f1xx_hal_gpio.o
                0x0000000008001418                HAL_GPIO_Init
 .text.HAL_GPIO_WritePin
                0x00000000080016cc       0x30 Drivers/STM32F1xx_HAL_Driver/Src/stm32f1xx_hal_gpio.o
                0x00000000080016cc                HAL_GPIO_WritePin
 .text.HAL_GPIO_TogglePin
                0x00000000080016fc       0x30 Drivers/STM32F1xx_HAL_Driver/Src/stm32f1xx_hal_gpio.o
                0x00000000080016fc                HAL_GPIO_TogglePin
 .text.HAL_I2C_Init
                0x000000000800172c      0x250 Drivers/STM32F1xx_HAL_Driver/Src/stm32f1xx_hal_i2c.o
                0x000000000800172c                HAL_I2C_Init
 .text.HAL_PWR_EnableBkUpAccess
                0x000000000800197c       0x18 Drivers/STM32F1xx_HAL_Driver/Src/stm32f1xx_hal_pwr.o
                0x000000000800197c                HAL_PWR_EnableBkUpAccess
 .text.HAL_RCC_OscConfig
                0x0000000008001994      0x500 Drivers/STM32F1xx_HAL_Driver/Src/stm32f1xx_hal_rcc.o
                0x0000000008001994                HAL_RCC_OscConfig
 .text.HAL_RCC_ClockConfig
                0x0000000008001e94      0x1d4 Drivers/STM32F1xx_HAL_Driver/Src/stm32f1xx_hal_rcc.o
                0x0000000008001e94                HAL_RCC_ClockConfig
 .text.HAL_RCC_GetSysClockFreq
                0x0000000008002068       0xc4 Drivers/STM32F1xx_HAL_Driver/Src/stm32f1xx_hal_rcc.o
                0x0000000008002068                HAL_RCC_GetSysClockFreq
 .text.HAL_RCC_GetHCLKFreq
                0x000000000800212c       0x14 Drivers/STM32F1xx_HAL_Driver/Src/stm32f1xx_hal_rcc.o
                0x000000000800212c                HAL_RCC_GetHCLKFreq
 .text.HAL_RCC_GetPCLK1Freq
                0x0000000008002140       0x28 Drivers/STM32F1xx_HAL_Driver/Src/stm32f1xx_hal_rcc.o
                0x0000000008002140                HAL_RCC_GetPCLK1Freq
 .text.HAL_RCC_GetPCLK2Freq
                0x0000000008002168       0x28 Drivers/STM32F1xx_HAL_Driver/Src/stm32f1xx_hal_rcc.o
                0x0000000008002168                HAL_RCC_GetPCLK2Freq
 .text.RCC_Delay
                0x0000000008002190       0x3c Drivers/STM32F1xx_HAL_Driver/Src/stm32f1xx_hal_rcc.o
 .text.HAL_RCCEx_PeriphCLKConfig
                0x00000000080021cc      0x16c Drivers/STM32F1xx_HAL_Driver/Src/stm32f1xx_hal_rcc_ex.o
                0x00000000080021cc                HAL_RCCEx_PeriphCLKConfig
 .text.HAL_RCCEx_GetPeriphCLKFreq
                0x0000000008002338      0x178 Drivers/STM32F1xx_HAL_Driver/Src/stm32f1xx_hal_rcc_ex.o
                0x0000000008002338                HAL_RCCEx_GetPeriphCLKFreq
 .text.HAL_RTC_Init
                0x00000000080024b0      0x12c Drivers/STM32F1xx_HAL_Driver/Src/stm32f1xx_hal_rtc.o
                0x00000000080024b0                HAL_RTC_Init
 .text.HAL_RTC_WaitForSynchro
                0x00000000080025dc       0x5a Drivers/STM32F1xx_HAL_Driver/Src/stm32f1xx_hal_rtc.o
                0x00000000080025dc                HAL_RTC_WaitForSynchro
 .text.RTC_EnterInitMode
                0x0000000008002636       0x50 Drivers/STM32F1xx_HAL_Driver/Src/stm32f1xx_hal_rtc.o
 .text.RTC_ExitInitMode
                0x0000000008002686       0x50 Drivers/STM32F1xx_HAL_Driver/Src/stm32f1xx_hal_rtc.o
 .text.HAL_TIM_Base_Init
                0x00000000080026d6       0x56 Drivers/STM32F1xx_HAL_Driver/Src/stm32f1xx_hal_tim.o
                0x00000000080026d6                HAL_TIM_Base_Init
 .text.HAL_TIM_PWM_Init
                0x000000000800272c       0x56 Drivers/STM32F1xx_HAL_Driver/Src/stm32f1xx_hal_tim.o
                0x000000000800272c                HAL_TIM_PWM_Init
 *fill*         0x0000000008002782        0x2 
 .text.HAL_TIM_PWM_Start
                0x0000000008002784       0x64 Drivers/STM32F1xx_HAL_Driver/Src/stm32f1xx_hal_tim.o
                0x0000000008002784                HAL_TIM_PWM_Start
 .text.HAL_TIM_PWM_ConfigChannel
                0x00000000080027e8      0x18c Drivers/STM32F1xx_HAL_Driver/Src/stm32f1xx_hal_tim.o
                0x00000000080027e8                HAL_TIM_PWM_ConfigChannel
 .text.HAL_TIM_ConfigClockSource
                0x0000000008002974      0x16e Drivers/STM32F1xx_HAL_Driver/Src/stm32f1xx_hal_tim.o
                0x0000000008002974                HAL_TIM_ConfigClockSource
 *fill*         0x0000000008002ae2        0x2 
 .text.TIM_Base_SetConfig
                0x0000000008002ae4       0xc4 Drivers/STM32F1xx_HAL_Driver/Src/stm32f1xx_hal_tim.o
                0x0000000008002ae4                TIM_Base_SetConfig
 .text.TIM_OC1_SetConfig
                0x0000000008002ba8       0xcc Drivers/STM32F1xx_HAL_Driver/Src/stm32f1xx_hal_tim.o
 .text.TIM_OC2_SetConfig
                0x0000000008002c74       0xd4 Drivers/STM32F1xx_HAL_Driver/Src/stm32f1xx_hal_tim.o
                0x0000000008002c74                TIM_OC2_SetConfig
 .text.TIM_OC3_SetConfig
                0x0000000008002d48       0xd4 Drivers/STM32F1xx_HAL_Driver/Src/stm32f1xx_hal_tim.o
 .text.TIM_OC4_SetConfig
                0x0000000008002e1c       0x9c Drivers/STM32F1xx_HAL_Driver/Src/stm32f1xx_hal_tim.o
 .text.TIM_TI1_ConfigInputStage
                0x0000000008002eb8       0x5c Drivers/STM32F1xx_HAL_Driver/Src/stm32f1xx_hal_tim.o
 .text.TIM_TI2_ConfigInputStage
                0x0000000008002f14       0x5e Drivers/STM32F1xx_HAL_Driver/Src/stm32f1xx_hal_tim.o
 .text.TIM_ITRx_SetConfig
                0x0000000008002f72       0x34 Drivers/STM32F1xx_HAL_Driver/Src/stm32f1xx_hal_tim.o
 .text.TIM_ETR_SetConfig
                0x0000000008002fa6       0x3e Drivers/STM32F1xx_HAL_Driver/Src/stm32f1xx_hal_tim.o
                0x0000000008002fa6                TIM_ETR_SetConfig
 .text.TIM_CCxChannelCmd
                0x0000000008002fe4       0x48 Drivers/STM32F1xx_HAL_Driver/Src/stm32f1xx_hal_tim.o
                0x0000000008002fe4                TIM_CCxChannelCmd
 .text.HAL_TIMEx_MasterConfigSynchronization
                0x000000000800302c       0x88 Drivers/STM32F1xx_HAL_Driver/Src/stm32f1xx_hal_tim_ex.o
                0x000000000800302c                HAL_TIMEx_MasterConfigSynchronization
 .text.HAL_TIMEx_ConfigBreakDeadTime
                0x00000000080030b4       0xa2 Drivers/STM32F1xx_HAL_Driver/Src/stm32f1xx_hal_tim_ex.o
                0x00000000080030b4                HAL_TIMEx_ConfigBreakDeadTime
 *fill*         0x0000000008003156        0x2 
 .text.__libc_init_array
                0x0000000008003158       0x48 c:/st/stm32cubeide_1.3.0/stm32cubeide/plugins/com.st.stm32cube.ide.mcu.externaltools.gnu-tools-for-stm32.7-2018-q2-update.win32_1.0.0.201904181610/tools/bin/../lib/gcc/arm-none-eabi/7.3.1/../../../../arm-none-eabi/lib/thumb/v7-m\libc_nano.a(lib_a-init.o)
                0x0000000008003158                __libc_init_array
 .text.memset   0x00000000080031a0       0x10 c:/st/stm32cubeide_1.3.0/stm32cubeide/plugins/com.st.stm32cube.ide.mcu.externaltools.gnu-tools-for-stm32.7-2018-q2-update.win32_1.0.0.201904181610/tools/bin/../lib/gcc/arm-none-eabi/7.3.1/../../../../arm-none-eabi/lib/thumb/v7-m\libc_nano.a(lib_a-memset.o)
                0x00000000080031a0                memset
 *(.glue_7)
 .glue_7        0x00000000080031b0        0x0 linker stubs
 *(.glue_7t)
 .glue_7t       0x00000000080031b0        0x0 linker stubs
 *(.eh_frame)
 .eh_frame      0x00000000080031b0        0x0 c:/st/stm32cubeide_1.3.0/stm32cubeide/plugins/com.st.stm32cube.ide.mcu.externaltools.gnu-tools-for-stm32.7-2018-q2-update.win32_1.0.0.201904181610/tools/bin/../lib/gcc/arm-none-eabi/7.3.1/thumb/v7-m/crtbegin.o
 *(.init)
 .init          0x00000000080031b0        0x4 c:/st/stm32cubeide_1.3.0/stm32cubeide/plugins/com.st.stm32cube.ide.mcu.externaltools.gnu-tools-for-stm32.7-2018-q2-update.win32_1.0.0.201904181610/tools/bin/../lib/gcc/arm-none-eabi/7.3.1/thumb/v7-m/crti.o
                0x00000000080031b0                _init
 .init          0x00000000080031b4        0x8 c:/st/stm32cubeide_1.3.0/stm32cubeide/plugins/com.st.stm32cube.ide.mcu.externaltools.gnu-tools-for-stm32.7-2018-q2-update.win32_1.0.0.201904181610/tools/bin/../lib/gcc/arm-none-eabi/7.3.1/thumb/v7-m/crtn.o
 *(.fini)
 .fini          0x00000000080031bc        0x4 c:/st/stm32cubeide_1.3.0/stm32cubeide/plugins/com.st.stm32cube.ide.mcu.externaltools.gnu-tools-for-stm32.7-2018-q2-update.win32_1.0.0.201904181610/tools/bin/../lib/gcc/arm-none-eabi/7.3.1/thumb/v7-m/crti.o
                0x00000000080031bc                _fini
 .fini          0x00000000080031c0        0x8 c:/st/stm32cubeide_1.3.0/stm32cubeide/plugins/com.st.stm32cube.ide.mcu.externaltools.gnu-tools-for-stm32.7-2018-q2-update.win32_1.0.0.201904181610/tools/bin/../lib/gcc/arm-none-eabi/7.3.1/thumb/v7-m/crtn.o
                0x00000000080031c8                . = ALIGN (0x4)
                0x00000000080031c8                _etext = .

.vfp11_veneer   0x00000000080031c8        0x0
 .vfp11_veneer  0x00000000080031c8        0x0 linker stubs

.v4_bx          0x00000000080031c8        0x0
 .v4_bx         0x00000000080031c8        0x0 linker stubs

.iplt           0x00000000080031c8        0x0
 .iplt          0x00000000080031c8        0x0 c:/st/stm32cubeide_1.3.0/stm32cubeide/plugins/com.st.stm32cube.ide.mcu.externaltools.gnu-tools-for-stm32.7-2018-q2-update.win32_1.0.0.201904181610/tools/bin/../lib/gcc/arm-none-eabi/7.3.1/thumb/v7-m/crtbegin.o

.rodata         0x00000000080031c8       0x40
                0x00000000080031c8                . = ALIGN (0x4)
 *(.rodata)
 .rodata        0x00000000080031c8       0x12 Drivers/STM32F1xx_HAL_Driver/Src/stm32f1xx_hal_rcc.o
 *fill*         0x00000000080031da        0x2 
 .rodata        0x00000000080031dc       0x12 Drivers/STM32F1xx_HAL_Driver/Src/stm32f1xx_hal_rcc_ex.o
 *(.rodata*)
 *fill*         0x00000000080031ee        0x2 
 .rodata.AHBPrescTable
                0x00000000080031f0       0x10 Core/Src/system_stm32f1xx.o
                0x00000000080031f0                AHBPrescTable
 .rodata.APBPrescTable
                0x0000000008003200        0x8 Core/Src/system_stm32f1xx.o
                0x0000000008003200                APBPrescTable
                0x0000000008003208                . = ALIGN (0x4)

.rel.dyn        0x0000000008003208        0x0
 .rel.iplt      0x0000000008003208        0x0 c:/st/stm32cubeide_1.3.0/stm32cubeide/plugins/com.st.stm32cube.ide.mcu.externaltools.gnu-tools-for-stm32.7-2018-q2-update.win32_1.0.0.201904181610/tools/bin/../lib/gcc/arm-none-eabi/7.3.1/thumb/v7-m/crtbegin.o

.ARM.extab      0x0000000008003208        0x0
                0x0000000008003208                . = ALIGN (0x4)
 *(.ARM.extab* .gnu.linkonce.armextab.*)
                0x0000000008003208                . = ALIGN (0x4)

.ARM            0x0000000008003208        0x0
                0x0000000008003208                . = ALIGN (0x4)
                0x0000000008003208                __exidx_start = .
 *(.ARM.exidx*)
                0x0000000008003208                __exidx_end = .
                0x0000000008003208                . = ALIGN (0x4)

.preinit_array  0x0000000008003208        0x0
                0x0000000008003208                . = ALIGN (0x4)
                0x0000000008003208                PROVIDE (__preinit_array_start = .)
 *(.preinit_array*)
                0x0000000008003208                PROVIDE (__preinit_array_end = .)
                0x0000000008003208                . = ALIGN (0x4)

.init_array     0x0000000008003208        0x4
                0x0000000008003208                . = ALIGN (0x4)
                0x0000000008003208                PROVIDE (__init_array_start = .)
 *(SORT_BY_NAME(.init_array.*))
 *(.init_array*)
 .init_array    0x0000000008003208        0x4 c:/st/stm32cubeide_1.3.0/stm32cubeide/plugins/com.st.stm32cube.ide.mcu.externaltools.gnu-tools-for-stm32.7-2018-q2-update.win32_1.0.0.201904181610/tools/bin/../lib/gcc/arm-none-eabi/7.3.1/thumb/v7-m/crtbegin.o
                0x000000000800320c                PROVIDE (__init_array_end = .)
                0x000000000800320c                . = ALIGN (0x4)

.fini_array     0x000000000800320c        0x4
                0x000000000800320c                . = ALIGN (0x4)
                [!provide]                        PROVIDE (__fini_array_start = .)
 *(SORT_BY_NAME(.fini_array.*))
 *(.fini_array*)
 .fini_array    0x000000000800320c        0x4 c:/st/stm32cubeide_1.3.0/stm32cubeide/plugins/com.st.stm32cube.ide.mcu.externaltools.gnu-tools-for-stm32.7-2018-q2-update.win32_1.0.0.201904181610/tools/bin/../lib/gcc/arm-none-eabi/7.3.1/thumb/v7-m/crtbegin.o
                [!provide]                        PROVIDE (__fini_array_end = .)
                0x0000000008003210                . = ALIGN (0x4)
                0x0000000008003210                _sidata = LOADADDR (.data)

.data           0x0000000020000000        0xc load address 0x0000000008003210
                0x0000000020000000                . = ALIGN (0x4)
                0x0000000020000000                _sdata = .
 *(.data)
 *(.data*)
 .data.SystemCoreClock
                0x0000000020000000        0x4 Core/Src/system_stm32f1xx.o
                0x0000000020000000                SystemCoreClock
 .data.uwTickPrio
                0x0000000020000004        0x4 Drivers/STM32F1xx_HAL_Driver/Src/stm32f1xx_hal.o
                0x0000000020000004                uwTickPrio
 .data.uwTickFreq
                0x0000000020000008        0x1 Drivers/STM32F1xx_HAL_Driver/Src/stm32f1xx_hal.o
                0x0000000020000008                uwTickFreq
                0x000000002000000c                . = ALIGN (0x4)
 *fill*         0x0000000020000009        0x3 
                0x000000002000000c                _edata = .

.igot.plt       0x000000002000000c        0x0 load address 0x000000000800321c
 .igot.plt      0x000000002000000c        0x0 c:/st/stm32cubeide_1.3.0/stm32cubeide/plugins/com.st.stm32cube.ide.mcu.externaltools.gnu-tools-for-stm32.7-2018-q2-update.win32_1.0.0.201904181610/tools/bin/../lib/gcc/arm-none-eabi/7.3.1/thumb/v7-m/crtbegin.o
                0x000000002000000c                . = ALIGN (0x4)

.bss            0x000000002000000c      0x18c load address 0x000000000800321c
                0x000000002000000c                _sbss = .
                0x000000002000000c                __bss_start__ = _sbss
 *(.bss)
 .bss           0x000000002000000c       0x1c c:/st/stm32cubeide_1.3.0/stm32cubeide/plugins/com.st.stm32cube.ide.mcu.externaltools.gnu-tools-for-stm32.7-2018-q2-update.win32_1.0.0.201904181610/tools/bin/../lib/gcc/arm-none-eabi/7.3.1/thumb/v7-m/crtbegin.o
 *(.bss*)
 *(COMMON)
 COMMON         0x0000000020000028       0x80 Core/Src/PWM_signal.o
                0x0000000020000028                htim1
                0x0000000020000068                htim2
 COMMON         0x00000000200000a8       0xec Core/Src/main.o
                0x00000000200000a8                hi2c1
                0x00000000200000fc                hi2c2
                0x0000000020000150                hadc1
                0x0000000020000180                hrtc
 COMMON         0x0000000020000194        0x4 Drivers/STM32F1xx_HAL_Driver/Src/stm32f1xx_hal.o
                0x0000000020000194                uwTick
                0x0000000020000198                . = ALIGN (0x4)
                0x0000000020000198                _ebss = .
                0x0000000020000198                __bss_end__ = _ebss

._user_heap_stack
                0x0000000020000198      0x600 load address 0x000000000800321c
                0x0000000020000198                . = ALIGN (0x8)
                0x0000000020000198                PROVIDE (end = .)
                [!provide]                        PROVIDE (_end = .)
                0x0000000020000398                . = (. + _Min_Heap_Size)
 *fill*         0x0000000020000198      0x200 
                0x0000000020000798                . = (. + _Min_Stack_Size)
 *fill*         0x0000000020000398      0x400 
                0x0000000020000798                . = ALIGN (0x8)

/DISCARD/
 libc.a(*)
 libm.a(*)
 libgcc.a(*)

.ARM.attributes
                0x0000000000000000       0x29
 *(.ARM.attributes)
 .ARM.attributes
                0x0000000000000000       0x1d c:/st/stm32cubeide_1.3.0/stm32cubeide/plugins/com.st.stm32cube.ide.mcu.externaltools.gnu-tools-for-stm32.7-2018-q2-update.win32_1.0.0.201904181610/tools/bin/../lib/gcc/arm-none-eabi/7.3.1/thumb/v7-m/crti.o
 .ARM.attributes
                0x000000000000001d       0x2d c:/st/stm32cubeide_1.3.0/stm32cubeide/plugins/com.st.stm32cube.ide.mcu.externaltools.gnu-tools-for-stm32.7-2018-q2-update.win32_1.0.0.201904181610/tools/bin/../lib/gcc/arm-none-eabi/7.3.1/thumb/v7-m/crtbegin.o
 .ARM.attributes
                0x000000000000004a       0x33 Core/Src/Math.o
 .ARM.attributes
                0x000000000000007d       0x33 Core/Src/PWM_signal.o
 .ARM.attributes
                0x00000000000000b0       0x33 Core/Src/application.o
 .ARM.attributes
                0x00000000000000e3       0x33 Core/Src/main.o
 .ARM.attributes
                0x0000000000000116       0x33 Core/Src/stm32f1xx_hal_msp.o
 .ARM.attributes
                0x0000000000000149       0x33 Core/Src/stm32f1xx_it.o
 .ARM.attributes
                0x000000000000017c       0x33 Core/Src/system_stm32f1xx.o
 .ARM.attributes
                0x00000000000001af       0x21 Core/Startup/startup_stm32f103c8tx.o
 .ARM.attributes
                0x00000000000001d0       0x33 Drivers/STM32F1xx_HAL_Driver/Src/stm32f1xx_hal.o
 .ARM.attributes
                0x0000000000000203       0x33 Drivers/STM32F1xx_HAL_Driver/Src/stm32f1xx_hal_adc.o
 .ARM.attributes
                0x0000000000000236       0x33 Drivers/STM32F1xx_HAL_Driver/Src/stm32f1xx_hal_cortex.o
 .ARM.attributes
                0x0000000000000269       0x33 Drivers/STM32F1xx_HAL_Driver/Src/stm32f1xx_hal_gpio.o
 .ARM.attributes
                0x000000000000029c       0x33 Drivers/STM32F1xx_HAL_Driver/Src/stm32f1xx_hal_i2c.o
 .ARM.attributes
                0x00000000000002cf       0x33 Drivers/STM32F1xx_HAL_Driver/Src/stm32f1xx_hal_pwr.o
 .ARM.attributes
                0x0000000000000302       0x33 Drivers/STM32F1xx_HAL_Driver/Src/stm32f1xx_hal_rcc.o
 .ARM.attributes
                0x0000000000000335       0x33 Drivers/STM32F1xx_HAL_Driver/Src/stm32f1xx_hal_rcc_ex.o
 .ARM.attributes
                0x0000000000000368       0x33 Drivers/STM32F1xx_HAL_Driver/Src/stm32f1xx_hal_rtc.o
 .ARM.attributes
                0x000000000000039b       0x33 Drivers/STM32F1xx_HAL_Driver/Src/stm32f1xx_hal_tim.o
 .ARM.attributes
                0x00000000000003ce       0x33 Drivers/STM32F1xx_HAL_Driver/Src/stm32f1xx_hal_tim_ex.o
 .ARM.attributes
                0x0000000000000401       0x2d c:/st/stm32cubeide_1.3.0/stm32cubeide/plugins/com.st.stm32cube.ide.mcu.externaltools.gnu-tools-for-stm32.7-2018-q2-update.win32_1.0.0.201904181610/tools/bin/../lib/gcc/arm-none-eabi/7.3.1/../../../../arm-none-eabi/lib/thumb/v7-m\libc_nano.a(lib_a-init.o)
 .ARM.attributes
                0x000000000000042e       0x2d c:/st/stm32cubeide_1.3.0/stm32cubeide/plugins/com.st.stm32cube.ide.mcu.externaltools.gnu-tools-for-stm32.7-2018-q2-update.win32_1.0.0.201904181610/tools/bin/../lib/gcc/arm-none-eabi/7.3.1/../../../../arm-none-eabi/lib/thumb/v7-m\libc_nano.a(lib_a-memset.o)
 .ARM.attributes
                0x000000000000045b       0x1d c:/st/stm32cubeide_1.3.0/stm32cubeide/plugins/com.st.stm32cube.ide.mcu.externaltools.gnu-tools-for-stm32.7-2018-q2-update.win32_1.0.0.201904181610/tools/bin/../lib/gcc/arm-none-eabi/7.3.1/thumb/v7-m/crtn.o
OUTPUT(BLINK_LED.elf elf32-littlearm)

.debug_info     0x0000000000000000     0xd78b
 .debug_info    0x0000000000000000       0x8f Core/Src/Math.o
 .debug_info    0x000000000000008f      0x65e Core/Src/PWM_signal.o
 .debug_info    0x00000000000006ed      0x22f Core/Src/application.o
 .debug_info    0x000000000000091c     0x12cc Core/Src/main.o
 .debug_info    0x0000000000001be8     0x11a1 Core/Src/stm32f1xx_hal_msp.o
 .debug_info    0x0000000000002d89      0x69e Core/Src/stm32f1xx_it.o
 .debug_info    0x0000000000003427      0x433 Core/Src/system_stm32f1xx.o
 .debug_info    0x000000000000385a       0x22 Core/Startup/startup_stm32f103c8tx.o
 .debug_info    0x000000000000387c      0x6fe Drivers/STM32F1xx_HAL_Driver/Src/stm32f1xx_hal.o
 .debug_info    0x0000000000003f7a      0xc61 Drivers/STM32F1xx_HAL_Driver/Src/stm32f1xx_hal_adc.o
 .debug_info    0x0000000000004bdb      0xb46 Drivers/STM32F1xx_HAL_Driver/Src/stm32f1xx_hal_cortex.o
 .debug_info    0x0000000000005721      0x681 Drivers/STM32F1xx_HAL_Driver/Src/stm32f1xx_hal_gpio.o
 .debug_info    0x0000000000005da2     0x2457 Drivers/STM32F1xx_HAL_Driver/Src/stm32f1xx_hal_i2c.o
 .debug_info    0x00000000000081f9      0x6d7 Drivers/STM32F1xx_HAL_Driver/Src/stm32f1xx_hal_pwr.o
 .debug_info    0x00000000000088d0      0x804 Drivers/STM32F1xx_HAL_Driver/Src/stm32f1xx_hal_rcc.o
 .debug_info    0x00000000000090d4      0x439 Drivers/STM32F1xx_HAL_Driver/Src/stm32f1xx_hal_rcc_ex.o
 .debug_info    0x000000000000950d      0xd24 Drivers/STM32F1xx_HAL_Driver/Src/stm32f1xx_hal_rtc.o
 .debug_info    0x000000000000a231     0x2456 Drivers/STM32F1xx_HAL_Driver/Src/stm32f1xx_hal_tim.o
 .debug_info    0x000000000000c687     0x1104 Drivers/STM32F1xx_HAL_Driver/Src/stm32f1xx_hal_tim_ex.o

.debug_abbrev   0x0000000000000000     0x2052
 .debug_abbrev  0x0000000000000000       0x5c Core/Src/Math.o
 .debug_abbrev  0x000000000000005c      0x17c Core/Src/PWM_signal.o
 .debug_abbrev  0x00000000000001d8      0x109 Core/Src/application.o
 .debug_abbrev  0x00000000000002e1      0x224 Core/Src/main.o
 .debug_abbrev  0x0000000000000505      0x200 Core/Src/stm32f1xx_hal_msp.o
 .debug_abbrev  0x0000000000000705      0x16b Core/Src/stm32f1xx_it.o
 .debug_abbrev  0x0000000000000870      0x134 Core/Src/system_stm32f1xx.o
 .debug_abbrev  0x00000000000009a4       0x12 Core/Startup/startup_stm32f103c8tx.o
 .debug_abbrev  0x00000000000009b6      0x1d8 Drivers/STM32F1xx_HAL_Driver/Src/stm32f1xx_hal.o
 .debug_abbrev  0x0000000000000b8e      0x1d5 Drivers/STM32F1xx_HAL_Driver/Src/stm32f1xx_hal_adc.o
 .debug_abbrev  0x0000000000000d63      0x2d5 Drivers/STM32F1xx_HAL_Driver/Src/stm32f1xx_hal_cortex.o
 .debug_abbrev  0x0000000000001038      0x1c0 Drivers/STM32F1xx_HAL_Driver/Src/stm32f1xx_hal_gpio.o
 .debug_abbrev  0x00000000000011f8      0x258 Drivers/STM32F1xx_HAL_Driver/Src/stm32f1xx_hal_i2c.o
 .debug_abbrev  0x0000000000001450      0x1f2 Drivers/STM32F1xx_HAL_Driver/Src/stm32f1xx_hal_pwr.o
 .debug_abbrev  0x0000000000001642      0x243 Drivers/STM32F1xx_HAL_Driver/Src/stm32f1xx_hal_rcc.o
 .debug_abbrev  0x0000000000001885      0x175 Drivers/STM32F1xx_HAL_Driver/Src/stm32f1xx_hal_rcc_ex.o
 .debug_abbrev  0x00000000000019fa      0x20a Drivers/STM32F1xx_HAL_Driver/Src/stm32f1xx_hal_rtc.o
 .debug_abbrev  0x0000000000001c04      0x230 Drivers/STM32F1xx_HAL_Driver/Src/stm32f1xx_hal_tim.o
 .debug_abbrev  0x0000000000001e34      0x21e Drivers/STM32F1xx_HAL_Driver/Src/stm32f1xx_hal_tim_ex.o

.debug_aranges  0x0000000000000000      0xf08
 .debug_aranges
                0x0000000000000000       0x20 Core/Src/Math.o
 .debug_aranges
                0x0000000000000020       0x28 Core/Src/PWM_signal.o
 .debug_aranges
                0x0000000000000048       0x20 Core/Src/application.o
 .debug_aranges
                0x0000000000000068       0x68 Core/Src/main.o
 .debug_aranges
                0x00000000000000d0       0x78 Core/Src/stm32f1xx_hal_msp.o
 .debug_aranges
                0x0000000000000148       0x60 Core/Src/stm32f1xx_it.o
 .debug_aranges
                0x00000000000001a8       0x28 Core/Src/system_stm32f1xx.o
 .debug_aranges
                0x00000000000001d0       0x28 Core/Startup/startup_stm32f103c8tx.o
 .debug_aranges
                0x00000000000001f8       0xe0 Drivers/STM32F1xx_HAL_Driver/Src/stm32f1xx_hal.o
 .debug_aranges
                0x00000000000002d8       0xf0 Drivers/STM32F1xx_HAL_Driver/Src/stm32f1xx_hal_adc.o
 .debug_aranges
                0x00000000000003c8      0x100 Drivers/STM32F1xx_HAL_Driver/Src/stm32f1xx_hal_cortex.o
 .debug_aranges
                0x00000000000004c8       0x58 Drivers/STM32F1xx_HAL_Driver/Src/stm32f1xx_hal_gpio.o
 .debug_aranges
                0x0000000000000520      0x290 Drivers/STM32F1xx_HAL_Driver/Src/stm32f1xx_hal_i2c.o
 .debug_aranges
                0x00000000000007b0       0xa8 Drivers/STM32F1xx_HAL_Driver/Src/stm32f1xx_hal_pwr.o
 .debug_aranges
                0x0000000000000858       0x90 Drivers/STM32F1xx_HAL_Driver/Src/stm32f1xx_hal_rcc.o
 .debug_aranges
                0x00000000000008e8       0x30 Drivers/STM32F1xx_HAL_Driver/Src/stm32f1xx_hal_rcc_ex.o
 .debug_aranges
                0x0000000000000918       0xf8 Drivers/STM32F1xx_HAL_Driver/Src/stm32f1xx_hal_rtc.o
 .debug_aranges
                0x0000000000000a10      0x3a8 Drivers/STM32F1xx_HAL_Driver/Src/stm32f1xx_hal_tim.o
 .debug_aranges
                0x0000000000000db8      0x150 Drivers/STM32F1xx_HAL_Driver/Src/stm32f1xx_hal_tim_ex.o

.debug_ranges   0x0000000000000000      0xe00
 .debug_ranges  0x0000000000000000       0x10 Core/Src/Math.o
 .debug_ranges  0x0000000000000010       0x18 Core/Src/PWM_signal.o
 .debug_ranges  0x0000000000000028       0x10 Core/Src/application.o
 .debug_ranges  0x0000000000000038       0x58 Core/Src/main.o
 .debug_ranges  0x0000000000000090       0x68 Core/Src/stm32f1xx_hal_msp.o
 .debug_ranges  0x00000000000000f8       0x50 Core/Src/stm32f1xx_it.o
 .debug_ranges  0x0000000000000148       0x18 Core/Src/system_stm32f1xx.o
 .debug_ranges  0x0000000000000160       0x20 Core/Startup/startup_stm32f103c8tx.o
 .debug_ranges  0x0000000000000180       0xd0 Drivers/STM32F1xx_HAL_Driver/Src/stm32f1xx_hal.o
 .debug_ranges  0x0000000000000250       0xe0 Drivers/STM32F1xx_HAL_Driver/Src/stm32f1xx_hal_adc.o
 .debug_ranges  0x0000000000000330       0xf0 Drivers/STM32F1xx_HAL_Driver/Src/stm32f1xx_hal_cortex.o
 .debug_ranges  0x0000000000000420       0x48 Drivers/STM32F1xx_HAL_Driver/Src/stm32f1xx_hal_gpio.o
 .debug_ranges  0x0000000000000468      0x2a0 Drivers/STM32F1xx_HAL_Driver/Src/stm32f1xx_hal_i2c.o
 .debug_ranges  0x0000000000000708       0x98 Drivers/STM32F1xx_HAL_Driver/Src/stm32f1xx_hal_pwr.o
 .debug_ranges  0x00000000000007a0       0x80 Drivers/STM32F1xx_HAL_Driver/Src/stm32f1xx_hal_rcc.o
 .debug_ranges  0x0000000000000820       0x20 Drivers/STM32F1xx_HAL_Driver/Src/stm32f1xx_hal_rcc_ex.o
 .debug_ranges  0x0000000000000840       0xe8 Drivers/STM32F1xx_HAL_Driver/Src/stm32f1xx_hal_rtc.o
 .debug_ranges  0x0000000000000928      0x398 Drivers/STM32F1xx_HAL_Driver/Src/stm32f1xx_hal_tim.o
 .debug_ranges  0x0000000000000cc0      0x140 Drivers/STM32F1xx_HAL_Driver/Src/stm32f1xx_hal_tim_ex.o

.debug_macro    0x0000000000000000    0x14c8f
 .debug_macro   0x0000000000000000       0x11 Core/Src/Math.o
 .debug_macro   0x0000000000000011      0xa5a Core/Src/Math.o
 .debug_macro   0x0000000000000a6b      0x1e4 Core/Src/PWM_signal.o
 .debug_macro   0x0000000000000c4f      0x227 Core/Src/PWM_signal.o
 .debug_macro   0x0000000000000e76       0x2e Core/Src/PWM_signal.o
 .debug_macro   0x0000000000000ea4       0x22 Core/Src/PWM_signal.o
 .debug_macro   0x0000000000000ec6       0x22 Core/Src/PWM_signal.o
 .debug_macro   0x0000000000000ee8       0x8e Core/Src/PWM_signal.o
 .debug_macro   0x0000000000000f76       0x51 Core/Src/PWM_signal.o
 .debug_macro   0x0000000000000fc7       0xef Core/Src/PWM_signal.o
 .debug_macro   0x00000000000010b6       0x6a Core/Src/PWM_signal.o
 .debug_macro   0x0000000000001120      0x1df Core/Src/PWM_signal.o
 .debug_macro   0x00000000000012ff       0x1c Core/Src/PWM_signal.o
 .debug_macro   0x000000000000131b       0x22 Core/Src/PWM_signal.o
 .debug_macro   0x000000000000133d       0xc3 Core/Src/PWM_signal.o
 .debug_macro   0x0000000000001400      0xd23 Core/Src/PWM_signal.o
 .debug_macro   0x0000000000002123     0xe09e Core/Src/PWM_signal.o
 .debug_macro   0x00000000000101c1       0x43 Core/Src/PWM_signal.o
 .debug_macro   0x0000000000010204      0x174 Core/Src/PWM_signal.o
 .debug_macro   0x0000000000010378       0x5a Core/Src/PWM_signal.o
 .debug_macro   0x00000000000103d2      0x5be Core/Src/PWM_signal.o
 .debug_macro   0x0000000000010990      0x289 Core/Src/PWM_signal.o
 .debug_macro   0x0000000000010c19      0x1cb Core/Src/PWM_signal.o
 .debug_macro   0x0000000000010de4      0x114 Core/Src/PWM_signal.o
 .debug_macro   0x0000000000010ef8      0x1b2 Core/Src/PWM_signal.o
 .debug_macro   0x00000000000110aa       0x27 Core/Src/PWM_signal.o
 .debug_macro   0x00000000000110d1      0x136 Core/Src/PWM_signal.o
 .debug_macro   0x0000000000011207      0x1bc Core/Src/PWM_signal.o
 .debug_macro   0x00000000000113c3       0x34 Core/Src/PWM_signal.o
 .debug_macro   0x00000000000113f7       0x3c Core/Src/PWM_signal.o
 .debug_macro   0x0000000000011433       0x57 Core/Src/PWM_signal.o
 .debug_macro   0x000000000001148a      0x46a Core/Src/PWM_signal.o
 .debug_macro   0x00000000000118f4      0x1b5 Core/Src/PWM_signal.o
 .debug_macro   0x0000000000011aa9       0x88 Core/Src/PWM_signal.o
 .debug_macro   0x0000000000011b31      0x241 Core/Src/PWM_signal.o
 .debug_macro   0x0000000000011d72      0x280 Core/Src/PWM_signal.o
 .debug_macro   0x0000000000011ff2      0x141 Core/Src/PWM_signal.o
 .debug_macro   0x0000000000012133      0x1ef Core/Src/PWM_signal.o
 .debug_macro   0x0000000000012322       0xec Core/Src/PWM_signal.o
 .debug_macro   0x000000000001240e      0x88b Core/Src/PWM_signal.o
 .debug_macro   0x0000000000012c99       0x83 Core/Src/PWM_signal.o
 .debug_macro   0x0000000000012d1c       0x28 Core/Src/PWM_signal.o
 .debug_macro   0x0000000000012d44       0x9a Core/Src/PWM_signal.o
 .debug_macro   0x0000000000012dde      0x1d9 Core/Src/application.o
 .debug_macro   0x0000000000012fb7       0x2e Core/Src/application.o
 .debug_macro   0x0000000000012fe5      0x1de Core/Src/main.o
 .debug_macro   0x00000000000131c3       0x94 Core/Src/main.o
 .debug_macro   0x0000000000013257      0x1d1 Core/Src/stm32f1xx_hal_msp.o
 .debug_macro   0x0000000000013428      0x1db Core/Src/stm32f1xx_it.o
 .debug_macro   0x0000000000013603      0x1c8 Core/Src/system_stm32f1xx.o
 .debug_macro   0x00000000000137cb      0x1e6 Drivers/STM32F1xx_HAL_Driver/Src/stm32f1xx_hal.o
 .debug_macro   0x00000000000139b1      0x1df Drivers/STM32F1xx_HAL_Driver/Src/stm32f1xx_hal_adc.o
 .debug_macro   0x0000000000013b90      0x1c2 Drivers/STM32F1xx_HAL_Driver/Src/stm32f1xx_hal_cortex.o
 .debug_macro   0x0000000000013d52      0x22d Drivers/STM32F1xx_HAL_Driver/Src/stm32f1xx_hal_gpio.o
 .debug_macro   0x0000000000013f7f      0x202 Drivers/STM32F1xx_HAL_Driver/Src/stm32f1xx_hal_i2c.o
 .debug_macro   0x0000000000014181      0x222 Drivers/STM32F1xx_HAL_Driver/Src/stm32f1xx_hal_pwr.o
 .debug_macro   0x00000000000143a3      0x1d4 Drivers/STM32F1xx_HAL_Driver/Src/stm32f1xx_hal_rcc.o
 .debug_macro   0x0000000000014577      0x1c2 Drivers/STM32F1xx_HAL_Driver/Src/stm32f1xx_hal_rcc_ex.o
 .debug_macro   0x0000000000014739      0x1d1 Drivers/STM32F1xx_HAL_Driver/Src/stm32f1xx_hal_rtc.o
 .debug_macro   0x000000000001490a      0x1c3 Drivers/STM32F1xx_HAL_Driver/Src/stm32f1xx_hal_tim.o
 .debug_macro   0x0000000000014acd      0x1c2 Drivers/STM32F1xx_HAL_Driver/Src/stm32f1xx_hal_tim_ex.o

.debug_line     0x0000000000000000     0xb4bb
 .debug_line    0x0000000000000000       0x44 Core/Src/Math.o
 .debug_line    0x0000000000000044      0x6df Core/Src/PWM_signal.o
 .debug_line    0x0000000000000723      0x6de Core/Src/application.o
 .debug_line    0x0000000000000e01      0x7fc Core/Src/main.o
 .debug_line    0x00000000000015fd      0x7ac Core/Src/stm32f1xx_hal_msp.o
 .debug_line    0x0000000000001da9      0x73b Core/Src/stm32f1xx_it.o
 .debug_line    0x00000000000024e4      0x6c8 Core/Src/system_stm32f1xx.o
 .debug_line    0x0000000000002bac       0x84 Core/Startup/startup_stm32f103c8tx.o
 .debug_line    0x0000000000002c30      0x870 Drivers/STM32F1xx_HAL_Driver/Src/stm32f1xx_hal.o
 .debug_line    0x00000000000034a0      0xbc2 Drivers/STM32F1xx_HAL_Driver/Src/stm32f1xx_hal_adc.o
 .debug_line    0x0000000000004062      0x949 Drivers/STM32F1xx_HAL_Driver/Src/stm32f1xx_hal_cortex.o
 .debug_line    0x00000000000049ab      0x870 Drivers/STM32F1xx_HAL_Driver/Src/stm32f1xx_hal_gpio.o
 .debug_line    0x000000000000521b     0x1b33 Drivers/STM32F1xx_HAL_Driver/Src/stm32f1xx_hal_i2c.o
 .debug_line    0x0000000000006d4e      0x815 Drivers/STM32F1xx_HAL_Driver/Src/stm32f1xx_hal_pwr.o
 .debug_line    0x0000000000007563      0x932 Drivers/STM32F1xx_HAL_Driver/Src/stm32f1xx_hal_rcc.o
 .debug_line    0x0000000000007e95      0x750 Drivers/STM32F1xx_HAL_Driver/Src/stm32f1xx_hal_rcc_ex.o
 .debug_line    0x00000000000085e5      0xb1d Drivers/STM32F1xx_HAL_Driver/Src/stm32f1xx_hal_rtc.o
 .debug_line    0x0000000000009102     0x1736 Drivers/STM32F1xx_HAL_Driver/Src/stm32f1xx_hal_tim.o
 .debug_line    0x000000000000a838      0xc83 Drivers/STM32F1xx_HAL_Driver/Src/stm32f1xx_hal_tim_ex.o

.debug_str      0x0000000000000000    0x7524e
 .debug_str     0x0000000000000000     0x2ce0 Core/Src/Math.o
                                       0x2ce9 (size before relaxing)
 .debug_str     0x0000000000002ce0    0x6e113 Core/Src/PWM_signal.o
                                      0x710bc (size before relaxing)
 .debug_str     0x0000000000070df3       0x3d Core/Src/application.o
                                      0x70aa8 (size before relaxing)
 .debug_str     0x0000000000070e30      0x92a Core/Src/main.o
                                      0x71a2c (size before relaxing)
 .debug_str     0x000000000007175a      0x14c Core/Src/stm32f1xx_hal_msp.o
                                      0x716e4 (size before relaxing)
 .debug_str     0x00000000000718a6       0xbd Core/Src/stm32f1xx_it.o
                                      0x710db (size before relaxing)
 .debug_str     0x0000000000071963       0xc2 Core/Src/system_stm32f1xx.o
                                      0x70b1b (size before relaxing)
 .debug_str     0x0000000000071a25       0x36 Core/Startup/startup_stm32f103c8tx.o
                                         0x67 (size before relaxing)
 .debug_str     0x0000000000071a5b      0x629 Drivers/STM32F1xx_HAL_Driver/Src/stm32f1xx_hal.o
                                      0x7112c (size before relaxing)
 .debug_str     0x0000000000072084      0x357 Drivers/STM32F1xx_HAL_Driver/Src/stm32f1xx_hal_adc.o
                                      0x71131 (size before relaxing)
 .debug_str     0x00000000000723db      0x2c8 Drivers/STM32F1xx_HAL_Driver/Src/stm32f1xx_hal_cortex.o
                                      0x7113a (size before relaxing)
 .debug_str     0x00000000000726a3      0x324 Drivers/STM32F1xx_HAL_Driver/Src/stm32f1xx_hal_gpio.o
                                      0x70e65 (size before relaxing)
 .debug_str     0x00000000000729c7      0xb6d Drivers/STM32F1xx_HAL_Driver/Src/stm32f1xx_hal_i2c.o
                                      0x71a91 (size before relaxing)
 .debug_str     0x0000000000073534      0x520 Drivers/STM32F1xx_HAL_Driver/Src/stm32f1xx_hal_pwr.o
                                      0x71004 (size before relaxing)
 .debug_str     0x0000000000073a54      0x24c Drivers/STM32F1xx_HAL_Driver/Src/stm32f1xx_hal_rcc.o
                                      0x70e9e (size before relaxing)
 .debug_str     0x0000000000073ca0       0xb9 Drivers/STM32F1xx_HAL_Driver/Src/stm32f1xx_hal_rcc_ex.o
                                      0x70c2b (size before relaxing)
 .debug_str     0x0000000000073d59      0x370 Drivers/STM32F1xx_HAL_Driver/Src/stm32f1xx_hal_rtc.o
                                      0x70fb1 (size before relaxing)
 .debug_str     0x00000000000740c9      0xcea Drivers/STM32F1xx_HAL_Driver/Src/stm32f1xx_hal_tim.o
                                      0x71c69 (size before relaxing)
 .debug_str     0x0000000000074db3      0x49b Drivers/STM32F1xx_HAL_Driver/Src/stm32f1xx_hal_tim_ex.o
                                      0x71469 (size before relaxing)

.comment        0x0000000000000000       0x7b
 .comment       0x0000000000000000       0x7b Core/Src/Math.o
                                         0x7c (size before relaxing)
 .comment       0x000000000000007b       0x7c Core/Src/PWM_signal.o
 .comment       0x000000000000007b       0x7c Core/Src/application.o
 .comment       0x000000000000007b       0x7c Core/Src/main.o
 .comment       0x000000000000007b       0x7c Core/Src/stm32f1xx_hal_msp.o
 .comment       0x000000000000007b       0x7c Core/Src/stm32f1xx_it.o
 .comment       0x000000000000007b       0x7c Core/Src/system_stm32f1xx.o
 .comment       0x000000000000007b       0x7c Drivers/STM32F1xx_HAL_Driver/Src/stm32f1xx_hal.o
 .comment       0x000000000000007b       0x7c Drivers/STM32F1xx_HAL_Driver/Src/stm32f1xx_hal_adc.o
 .comment       0x000000000000007b       0x7c Drivers/STM32F1xx_HAL_Driver/Src/stm32f1xx_hal_cortex.o
 .comment       0x000000000000007b       0x7c Drivers/STM32F1xx_HAL_Driver/Src/stm32f1xx_hal_gpio.o
 .comment       0x000000000000007b       0x7c Drivers/STM32F1xx_HAL_Driver/Src/stm32f1xx_hal_i2c.o
 .comment       0x000000000000007b       0x7c Drivers/STM32F1xx_HAL_Driver/Src/stm32f1xx_hal_pwr.o
 .comment       0x000000000000007b       0x7c Drivers/STM32F1xx_HAL_Driver/Src/stm32f1xx_hal_rcc.o
 .comment       0x000000000000007b       0x7c Drivers/STM32F1xx_HAL_Driver/Src/stm32f1xx_hal_rcc_ex.o
 .comment       0x000000000000007b       0x7c Drivers/STM32F1xx_HAL_Driver/Src/stm32f1xx_hal_rtc.o
 .comment       0x000000000000007b       0x7c Drivers/STM32F1xx_HAL_Driver/Src/stm32f1xx_hal_tim.o
 .comment       0x000000000000007b       0x7c Drivers/STM32F1xx_HAL_Driver/Src/stm32f1xx_hal_tim_ex.o

.debug_frame    0x0000000000000000     0x3e44
 .debug_frame   0x0000000000000000       0x38 Core/Src/Math.o
 .debug_frame   0x0000000000000038       0x54 Core/Src/PWM_signal.o
 .debug_frame   0x000000000000008c       0x34 Core/Src/application.o
 .debug_frame   0x00000000000000c0      0x154 Core/Src/main.o
 .debug_frame   0x0000000000000214      0x1d8 Core/Src/stm32f1xx_hal_msp.o
 .debug_frame   0x00000000000003ec      0x10c Core/Src/stm32f1xx_it.o
 .debug_frame   0x00000000000004f8       0x58 Core/Src/system_stm32f1xx.o
 .debug_frame   0x0000000000000550      0x334 Drivers/STM32F1xx_HAL_Driver/Src/stm32f1xx_hal.o
 .debug_frame   0x0000000000000884      0x40c Drivers/STM32F1xx_HAL_Driver/Src/stm32f1xx_hal_adc.o
 .debug_frame   0x0000000000000c90      0x428 Drivers/STM32F1xx_HAL_Driver/Src/stm32f1xx_hal_cortex.o
 .debug_frame   0x00000000000010b8      0x14c Drivers/STM32F1xx_HAL_Driver/Src/stm32f1xx_hal_gpio.o
 .debug_frame   0x0000000000001204      0xc08 Drivers/STM32F1xx_HAL_Driver/Src/stm32f1xx_hal_i2c.o
 .debug_frame   0x0000000000001e0c      0x270 Drivers/STM32F1xx_HAL_Driver/Src/stm32f1xx_hal_pwr.o
 .debug_frame   0x000000000000207c      0x21c Drivers/STM32F1xx_HAL_Driver/Src/stm32f1xx_hal_rcc.o
 .debug_frame   0x0000000000002298       0x84 Drivers/STM32F1xx_HAL_Driver/Src/stm32f1xx_hal_rcc_ex.o
 .debug_frame   0x000000000000231c      0x434 Drivers/STM32F1xx_HAL_Driver/Src/stm32f1xx_hal_rtc.o
 .debug_frame   0x0000000000002750     0x10e8 Drivers/STM32F1xx_HAL_Driver/Src/stm32f1xx_hal_tim.o
 .debug_frame   0x0000000000003838      0x5c0 Drivers/STM32F1xx_HAL_Driver/Src/stm32f1xx_hal_tim_ex.o
 .debug_frame   0x0000000000003df8       0x2c c:/st/stm32cubeide_1.3.0/stm32cubeide/plugins/com.st.stm32cube.ide.mcu.externaltools.gnu-tools-for-stm32.7-2018-q2-update.win32_1.0.0.201904181610/tools/bin/../lib/gcc/arm-none-eabi/7.3.1/../../../../arm-none-eabi/lib/thumb/v7-m\libc_nano.a(lib_a-init.o)
 .debug_frame   0x0000000000003e24       0x20 c:/st/stm32cubeide_1.3.0/stm32cubeide/plugins/com.st.stm32cube.ide.mcu.externaltools.gnu-tools-for-stm32.7-2018-q2-update.win32_1.0.0.201904181610/tools/bin/../lib/gcc/arm-none-eabi/7.3.1/../../../../arm-none-eabi/lib/thumb/v7-m\libc_nano.a(lib_a-memset.o)
